// Jest Snapshot v1, https://goo.gl/fbAQLP

exports[`should render Header correctly 1`] = `
<header
  className="header"
>
  <div
    className=""
  >
    <div
      className="header__content"
    >
      <div
        className="header__left"
      >
        <div
          className="header__bar"
          onClick={[Function]}
        >
          <div
            className="bar"
          />
          <div
            className="bar"
          />
          <div
            className="bar"
          />
        </div>
        <Link
          className="header__title"
          to="/dashboard"
        >
          <h1>
            Netlify
          </h1>
        </Link>
      </div>
      <div
        className="header__right"
      >
        <button
          className="button button--link"
        >
          <span
            className="fa fa-filter"
          />
        </button>
      </div>
    </div>
  </div>
</header>
`;
